// Jest Snapshot v1, https://goo.gl/fbAQLP

exports[`BlockLink renders 1`] = `
.c0 {
  display: block;
  color: inherit;
  -webkit-text-decoration: none;
  text-decoration: none;
}

<a
  className="sc-qXTOB c0"
>
  raw text
</a>
`;
